The ``7-base_geometry`` module
##############################

Using ``bg``
-------------------

This is an example text file in reStructuredText format. First import
``base_geometry`` from the ``7-base_geometry`` module:

>>> BaseGeometry = __import__('7-base_geometry').BaseGeometry
>>> bg = BaseGeometry()

>>> bg.area()
Traceback (most recent call last):
Exception: area() is not implemented

>>> bg.integer_validator("width", 89)

>>> bg.integer_validator("my_int", 12)

>>> bg.integer_validator()
Traceback (most recent call last):
TypeError: BaseGeometry.integer_validator() missing 2 required positional arguments: 'name' and 'value'

>>> bg.integer_validator("name", "John")
Traceback (most recent call last):
TypeError: name must be an integer

>>> bg.integer_validator("distance", -4)
Traceback (most recent call last):
ValueError: distance must be greater than 0

>>> bg.integer_validator("age", 0)
Traceback (most recent call last):
ValueError: age must be greater than 0

>>> bg.integer_validator("", 11)

>>> bg.integer_validator("", 0)
Traceback (most recent call last):
ValueError:  must be greater than 0

>>> bg.integer_validator("", "John")
Traceback (most recent call last):
TypeError:  must be an integer

>>> bg.integer_validator(None, "John")
Traceback (most recent call last):
TypeError: None must be an integer

>>> bg.integer_validator("None", None)
Traceback (most recent call last):
TypeError: None must be an integer